// Jest Snapshot v1, https://goo.gl/fbAQLP

exports[`Button Component render correctly 1`] = `null`;
